Some text value that should not be equal to the actual one.